[22Aug2026 17:12:23.512] [main/INFO] [net.neoforged.fml.startup.Entrypoint/]: JVM Uptime at startup: 181ms
[22Aug2026 17:12:23.526] [main/INFO] [net.neoforged.fml.loading.FMLLoader/]: Starting FancyModLoader version 11.0.13 (CLIENT in DEV)
[22Aug2026 17:12:23.526] [main/INFO] [net.neoforged.fml.loading.FMLLoader/]: Game directory: /home/bleom/Documents/IdeaProjects/MoonlightCore/neoforge/runs/client
[22Aug2026 17:12:23.577] [main/INFO] [net.neoforged.fml.loading.EarlyServiceDiscovery/]: Found 2 early service jars (out of 94) in 15ms
[22Aug2026 17:12:23.578] [main/INFO] [net.neoforged.fml.loading.FMLLoader/]: Loading FML Early Services:
[22Aug2026 17:12:23.579] [main/INFO] [net.neoforged.fml.loading.FMLLoader/]:  - /home/bleom/.gradle/caches/modules-2/files-2.1/net.neoforged.fancymodloader/earlydisplay/11.0.13/491a1bedecb33802fa118cae384b60f91f6f0241/earlydisplay-11.0.13.jar
[22Aug2026 17:12:23.580] [main/INFO] [net.neoforged.fml.loading.FMLLoader/]:  - /home/bleom/.gradle/caches/modules-2/files-2.1/net.neoforged.fancymodloader/loader/11.0.13/c9c89eaf35535990110088224d188748d81eaecf/loader-11.0.13.jar
[22Aug2026 17:12:23.585] [main/INFO] [net.neoforged.fml.loading.ImmediateWindowHandler/]: Loading ImmediateWindowProvider fmlearlywindow
[22Aug2026 17:12:24.290] [ForkJoinPool.commonPool-worker-10/INFO] [net.neoforged.fml.loading.moddiscovery.locators.GameLocator/]: Detected a joined NeoForge and Minecraft configuration. Applying filtering...
[22Aug2026 17:12:24.342] [fml-loadingscreen/INFO] [net.neoforged.fml.earlydisplay.render.LoadingScreenRenderer/]: GL info: AMD Radeon Graphics (radeonsi, renoir, ACO, DRM 3.64, 7.1.6-1-cachyos) GL version 4.6 (Core Profile) Mesa 26.1.6-arch3.1, AMD
[22Aug2026 17:12:24.409] [ForkJoinPool.commonPool-worker-10/INFO] [net.neoforged.fml.loading.moddiscovery.locators.InDevFolderLocator/CORE]: Got mod coordinates moonlightcore%%/home/bleom/Documents/IdeaProjects/MoonlightCore/neoforge/build/classes/java/main:moonlightcore%%/home/bleom/Documents/IdeaProjects/MoonlightCore/neoforge/build/resources/main from env
[22Aug2026 17:12:24.535] [ForkJoinPool.commonPool-worker-10/INFO] [net.neoforged.fml.loading.moddiscovery.locators.JarInJarDependencyLocator/]: Found 2 dependencies adding them to mods collection
[22Aug2026 17:12:24.538] [ForkJoinPool.commonPool-worker-10/INFO] [net.neoforged.fml.loading.moddiscovery.ModDiscoverer/]: 
     Mod List:
		Name Version (Mod Id)

		Minecraft 26.1.2 (minecraft)
		MoonlightCore 26.1.0.0-alpha (moonlightcore)
		NeoForge 26.1.2.66-beta (neoforge)
		spark 1.10.173 (spark)
[22Aug2026 17:12:24.811] [main/INFO] [mixin/]: SpongePowered MIXIN Subsystem Version=0.8.7 Source=file:/home/bleom/.gradle/caches/modules-2/files-2.1/net.fabricmc/sponge-mixin/0.17.3+mixin.0.8.7/41c4a3984a80f4679e759fb9f495587acc5cdac7/sponge-mixin-0.17.3+mixin.0.8.7.jar Service=FML Env=CLIENT
[22Aug2026 17:12:24.831] [main/INFO] [net.neoforged.fml.loading.FMLLoader/]: Loading FML Plugins:
[22Aug2026 17:12:24.833] [main/INFO] [net.neoforged.fml.loading.FMLLoader/]:  - /home/bleom/.gradle/caches/modules-2/files-2.1/net.neoforged/neoforge/26.1.2.66-beta/ae47fa3c62aff8fb96137ca5914cbe61e3265b52/neoforge-26.1.2.66-beta-universal.jar > net.neoforged.neoforge-coremods-26.1.2.66-beta.jar
[22Aug2026 17:12:24.942] [main/INFO] [net.neoforged.fml.loading.FMLLoader/]: Building game content classloader:
 - minecraft (composite(filtered(jar(/home/bleom/Documents/IdeaProjects/MoonlightCore/neoforge/build/moddev/artifacts/minecraft-patched-26.1.2.66-beta.jar)), filtered(jar(/home/bleom/Documents/IdeaProjects/MoonlightCore/neoforge/build/moddev/artifacts/minecraft-patched-26.1.2.66-beta.jar))))
 - mixinextras.neoforge (jar(/home/bleom/.gradle/caches/modules-2/files-2.1/net.neoforged/neoforge/26.1.2.66-beta/ae47fa3c62aff8fb96137ca5914cbe61e3265b52/neoforge-26.1.2.66-beta-universal.jar > mixinextras-neoforge-0.5.4.jar))
 - moonlightcore (composite(folder(/home/bleom/Documents/IdeaProjects/MoonlightCore/neoforge/build/classes/java/main), folder(/home/bleom/Documents/IdeaProjects/MoonlightCore/neoforge/build/resources/main)))
 - neoforge (composite(filtered(jar(/home/bleom/.gradle/caches/modules-2/files-2.1/net.neoforged/neoforge/26.1.2.66-beta/ae47fa3c62aff8fb96137ca5914cbe61e3265b52/neoforge-26.1.2.66-beta-universal.jar))))
 - net.neoforged.fml.generated (empty(VirtualJar/net.neoforged.fml.generated))
 - spark (jar(mods/spark-1.10.173-neoforge.jar))
[22Aug2026 17:12:24.962] [main/INFO] [net.neoforged.fml.loading.FMLLoader/]: Built game content classloader in 29ms
[22Aug2026 17:12:25.009] [main/INFO] [mixin/]: Compatibility level set to JAVA_25
[22Aug2026 17:12:26.379] [Datafixer Bootstrap/INFO] [com.mojang.datafixers.DataFixerBuilder/]: 294 Datafixer optimizations took 275 milliseconds
[22Aug2026 17:12:27.250] [pool-9-thread-1/INFO] [MixinExtras|Service/]: Initializing MixinExtras via com.llamalad7.mixinextras.service.MixinExtrasServiceImpl(version=0.5.4).
[22Aug2026 17:12:31.707] [main/WARN] [net.minecraft.commands.Commands/]: Ambiguity between arguments [teleport, location] and [teleport, destination] with inputs: [0.1 -0.5 .9, 0 0 0]
[22Aug2026 17:12:31.708] [main/WARN] [net.minecraft.commands.Commands/]: Ambiguity between arguments [teleport, location] and [teleport, targets] with inputs: [0.1 -0.5 .9, 0 0 0]
[22Aug2026 17:12:31.712] [main/WARN] [net.minecraft.commands.Commands/]: Ambiguity between arguments [teleport, destination] and [teleport, targets] with inputs: [Player, 0123, @e, dd12be42-52a9-4a91-a8a1-11c01849e498]
[22Aug2026 17:12:31.713] [main/WARN] [net.minecraft.commands.Commands/]: Ambiguity between arguments [teleport, targets] and [teleport, destination] with inputs: [Player, 0123, dd12be42-52a9-4a91-a8a1-11c01849e498]
[22Aug2026 17:12:31.714] [main/WARN] [net.minecraft.commands.Commands/]: Ambiguity between arguments [teleport, targets, location] and [teleport, targets, destination] with inputs: [0.1 -0.5 .9, 0 0 0]
[22Aug2026 17:12:31.715] [main/WARN] [net.minecraft.commands.Commands/]: Ambiguity between arguments [time, set, time] and [time, set, timemarker] with inputs: [0, 0s, 0d, 0t]
[22Aug2026 17:12:31.732] [main/WARN] [net.minecraft.commands.Commands/]: Ambiguity between arguments [time, set, timemarker] and [time, set, time] with inputs: [012]
[22Aug2026 17:12:31.737] [main/WARN] [net.minecraft.commands.Commands/]: Ambiguity between arguments [time, of, clock, set, time] and [time, of, clock, set, timemarker] with inputs: [0, 0s, 0d, 0t]
[22Aug2026 17:12:31.739] [main/WARN] [net.minecraft.commands.Commands/]: Ambiguity between arguments [time, of, clock, set, timemarker] and [time, of, clock, set, time] with inputs: [012]
[22Aug2026 17:12:31.741] [main/WARN] [net.minecraft.commands.Commands/]: Ambiguity between arguments [waypoint, modify, waypoint, color, reset] and [waypoint, modify, waypoint, color, color] with inputs: [reset]
[22Aug2026 17:12:31.812] [modloading-worker-0/INFO] [net.neoforged.neoforge.common.NeoForgeMod/NEOFORGE-MOD]: NeoForge mod loading, version 26.1.2.66-beta, for MC 26.1.2
[22Aug2026 17:12:32.302] [Render thread/INFO] [com.mojang.authlib.yggdrasil.YggdrasilAuthenticationService/]: Environment: Environment[sessionHost=https://sessionserver.mojang.com, servicesHost=https://api.minecraftservices.com, profilesHost=https://api.mojang.com, name=PROD]
[22Aug2026 17:12:32.316] [Render thread/INFO] [net.minecraft.client.Minecraft/]: Setting user: Dev
[22Aug2026 17:12:32.405] [Render thread/INFO] [net.minecraft.client.Minecraft/]: Backend library: LWJGL version 3.4.1+2
[22Aug2026 17:12:32.548] [Render thread/INFO] [net.minecraft.client.Minecraft/]: Using optional rendering extensions: GL_ARB_buffer_storage, GL_KHR_debug, GL_ARB_vertex_attrib_binding, GL_ARB_direct_state_access, GL_EXT_texture_filter_anisotropic
[22Aug2026 17:12:33.394] [Render thread/INFO] [net.minecraft.server.packs.resources.ReloadableResourceManager/]: Reloading ResourceManager: vanilla, mod_resources, mod/spark, mod/moonlightcore, mod/neoforge
[22Aug2026 17:12:33.696] [resourceLoad/INFO] [net.minecraft.client.gui.font.providers.UnihexProvider/]: Found unifont_all_no_pua-17.0.01.hex, loading
[22Aug2026 17:12:33.697] [resourceLoad/INFO] [net.minecraft.client.gui.font.providers.UnihexProvider/]: Found unifont_pua-17.0.01.hex, loading
[22Aug2026 17:12:33.768] [resourceLoad/INFO] [net.minecraft.client.gui.font.providers.UnihexProvider/]: Found unifont_jp_patch-17.0.01.hex, loading
[22Aug2026 17:12:34.788] [Render thread/WARN] [com.mojang.blaze3d.opengl.GlProgram/]: neoforge:pipeline/item_translucent_unlit shader program does not use sampler Sampler2 defined in the pipeline. This might be a bug.
[22Aug2026 17:12:34.807] [Render thread/WARN] [com.mojang.blaze3d.opengl.GlProgram/]: neoforge:pipeline/item_cutout_unlit shader program does not use sampler Sampler2 defined in the pipeline. This might be a bug.
[22Aug2026 17:12:34.817] [Render thread/ERROR] [net.minecraft.client.sounds.SoundEngine/SOUNDS]: Error starting SoundSystem. Turning off sounds & music
java.lang.IllegalStateException: Failed to open OpenAL device
	at TRANSFORMER/minecraft@26.1.2/com.mojang.blaze3d.audio.Library.openDeviceOrFallback(Library.java:183) ~[minecraft-patched-26.1.2.66-beta.jar:?]
	at TRANSFORMER/minecraft@26.1.2/com.mojang.blaze3d.audio.Library.init(Library.java:66) ~[minecraft-patched-26.1.2.66-beta.jar:?]
	at TRANSFORMER/minecraft@26.1.2/net.minecraft.client.sounds.SoundEngine.loadLibrary(SoundEngine.java:111) ~[minecraft-patched-26.1.2.66-beta.jar:?]
	at TRANSFORMER/minecraft@26.1.2/net.minecraft.client.sounds.SoundEngine.reload(SoundEngine.java:102) ~[minecraft-patched-26.1.2.66-beta.jar:?]
	at TRANSFORMER/minecraft@26.1.2/net.minecraft.client.sounds.SoundManager.apply(SoundManager.java:121) ~[minecraft-patched-26.1.2.66-beta.jar:?]
	at TRANSFORMER/minecraft@26.1.2/net.minecraft.client.sounds.SoundManager.apply(SoundManager.java:44) ~[minecraft-patched-26.1.2.66-beta.jar:?]
	at TRANSFORMER/minecraft@26.1.2/net.minecraft.server.packs.resources.SimplePreparableReloadListener.lambda$reload$1(SimplePreparableReloadListener.java:19) ~[minecraft-patched-26.1.2.66-beta.jar:?]
	at java.base/java.util.concurrent.CompletableFuture$UniAccept.tryFire$$$capture(CompletableFuture.java:739) ~[?:?]
	at java.base/java.util.concurrent.CompletableFuture$UniAccept.tryFire(CompletableFuture.java) ~[?:?]
	at java.base/java.util.concurrent.CompletableFuture$Completion.run(CompletableFuture.java:503) ~[?:?]
	at TRANSFORMER/minecraft@26.1.2/net.minecraft.server.packs.resources.SimpleReloadInstance.lambda$prepareTasks$3(SimpleReloadInstance.java:75) ~[minecraft-patched-26.1.2.66-beta.jar:?]
	at TRANSFORMER/minecraft@26.1.2/net.minecraft.util.thread.BlockableEventLoop.doRunTask(BlockableEventLoop.java:163) ~[minecraft-patched-26.1.2.66-beta.jar:?]
	at TRANSFORMER/minecraft@26.1.2/net.minecraft.util.thread.ReentrantBlockableEventLoop.doRunTask(ReentrantBlockableEventLoop.java:24) ~[minecraft-patched-26.1.2.66-beta.jar:?]
	at TRANSFORMER/minecraft@26.1.2/net.minecraft.util.thread.BlockableEventLoop.pollTask(BlockableEventLoop.java:137) ~[minecraft-patched-26.1.2.66-beta.jar:?]
	at TRANSFORMER/minecraft@26.1.2/net.minecraft.util.thread.BlockableEventLoop.runAllTasks(BlockableEventLoop.java:121) ~[minecraft-patched-26.1.2.66-beta.jar:?]
	at TRANSFORMER/minecraft@26.1.2/net.minecraft.client.Minecraft.runTick(Minecraft.java:1293) [minecraft-patched-26.1.2.66-beta.jar:?]
	at TRANSFORMER/minecraft@26.1.2/net.minecraft.client.Minecraft.run(Minecraft.java:937) [minecraft-patched-26.1.2.66-beta.jar:?]
	at TRANSFORMER/minecraft@26.1.2/net.minecraft.client.main.Main.main(Main.java:246) [minecraft-patched-26.1.2.66-beta.jar:?]
	at net.neoforged.fml.startup.Client.main(Client.java:19) [loader-11.0.13.jar:11.0]
	at java.base/jdk.internal.reflect.DirectMethodHandleAccessor.invoke(DirectMethodHandleAccessor.java:104) ~[?:?]
	at java.base/java.lang.reflect.Method.invoke(Method.java:565) ~[?:?]
	at net.neoforged.devlaunch.Main.main(Main.java:57) [DevLaunch-1.0.2.jar:?]
[22Aug2026 17:12:34.820] [Render thread/INFO] [net.minecraft.client.renderer.texture.TextureAtlas/]: Created: 512x256x0 minecraft:textures/atlas/particles.png-atlas
[22Aug2026 17:12:34.847] [Render thread/INFO] [net.minecraft.client.renderer.texture.TextureAtlas/]: Created: 128x128x0 minecraft:textures/atlas/decorated_pot.png-atlas
[22Aug2026 17:12:34.851] [Render thread/INFO] [net.minecraft.client.renderer.texture.TextureAtlas/]: Created: 2048x1024x0 minecraft:textures/atlas/armor_trims.png-atlas
[22Aug2026 17:12:34.885] [Render thread/INFO] [net.minecraft.client.renderer.texture.TextureAtlas/]: Created: 512x256x0 minecraft:textures/atlas/paintings.png-atlas
[22Aug2026 17:12:34.889] [Render thread/INFO] [net.minecraft.client.renderer.texture.TextureAtlas/]: Created: 1024x512x0 minecraft:textures/atlas/shield_patterns.png-atlas
[22Aug2026 17:12:34.892] [Render thread/INFO] [net.minecraft.client.renderer.texture.TextureAtlas/]: Created: 2048x2048x4 minecraft:textures/atlas/blocks.png-atlas
[22Aug2026 17:12:34.951] [Render thread/INFO] [net.minecraft.client.renderer.texture.TextureAtlas/]: Created: 512x512x0 minecraft:textures/atlas/chest.png-atlas
[22Aug2026 17:12:34.956] [Render thread/INFO] [net.minecraft.client.renderer.texture.TextureAtlas/]: Created: 256x128x0 minecraft:textures/atlas/celestials.png-atlas
[22Aug2026 17:12:34.958] [Render thread/INFO] [net.minecraft.client.renderer.texture.TextureAtlas/]: Created: 1024x512x0 minecraft:textures/atlas/banner_patterns.png-atlas
[22Aug2026 17:12:34.963] [Render thread/INFO] [net.minecraft.client.renderer.texture.TextureAtlas/]: Created: 512x512x0 minecraft:textures/atlas/beds.png-atlas
[22Aug2026 17:12:34.965] [Render thread/INFO] [net.minecraft.client.renderer.texture.TextureAtlas/]: Created: 1024x512x0 minecraft:textures/atlas/items.png-atlas
[22Aug2026 17:12:35.003] [Render thread/INFO] [net.minecraft.client.renderer.texture.TextureAtlas/]: Created: 1024x1024x0 minecraft:textures/atlas/gui.png-atlas
[22Aug2026 17:12:35.026] [Render thread/INFO] [net.minecraft.client.renderer.texture.TextureAtlas/]: Created: 128x64x0 minecraft:textures/atlas/map_decorations.png-atlas
[22Aug2026 17:12:35.028] [Render thread/INFO] [net.minecraft.client.renderer.texture.TextureAtlas/]: Created: 512x256x0 minecraft:textures/atlas/signs.png-atlas
[22Aug2026 17:12:35.030] [Render thread/INFO] [net.minecraft.client.renderer.texture.TextureAtlas/]: Created: 512x512x0 minecraft:textures/atlas/shulker_boxes.png-atlas
[22Aug2026 17:12:35.161] [Render thread/INFO] [net.neoforged.neoforge.client.entity.animation.json.AnimationLoader/]: Loaded 0 entity animations
[22Aug2026 17:12:40.844] [Render thread/INFO] [net.minecraft.world.item.crafting.RecipeManager/]: Loaded 1515 recipes
[22Aug2026 17:12:40.853] [Render thread/INFO] [net.minecraft.advancements.AdvancementTree/]: Loaded 1617 advancements
[22Aug2026 17:12:40.855] [Render thread/INFO] [net.neoforged.neoforge.common.crafting.RecipePriorityManager/]: Loaded 0 recipe priority overrides
[22Aug2026 17:12:40.988] [Server thread/INFO] [net.minecraft.client.server.IntegratedServer/]: Starting integrated minecraft server version 26.1.2
[22Aug2026 17:12:40.989] [Server thread/INFO] [net.minecraft.server.MinecraftServer/]: Generating keypair
[22Aug2026 17:12:41.036] [Server thread/INFO] [spark/]: Starting background profiler...
[22Aug2026 17:12:41.634] [Server thread/INFO] [net.minecraft.server.level.progress.LoggingLevelLoadListener/]: Loading 0 persistent chunks...
[22Aug2026 17:12:41.634] [Server thread/INFO] [net.minecraft.server.level.progress.LoggingLevelLoadListener/]: Preparing spawn area: 16%
[22Aug2026 17:12:41.645] [Server thread/INFO] [net.minecraft.server.MinecraftServer/]: Saving chunks for level 'ServerLevel[New World]'/minecraft:overworld
[22Aug2026 17:12:41.737] [Server thread/INFO] [net.minecraft.server.MinecraftServer/]: Saving chunks for level 'ServerLevel[New World]'/minecraft:the_nether
[22Aug2026 17:12:41.746] [Server thread/INFO] [net.minecraft.server.MinecraftServer/]: Saving chunks for level 'ServerLevel[New World]'/minecraft:the_end
[22Aug2026 17:12:41.771] [Server thread/INFO] [net.minecraft.server.MinecraftServer/]: ThreadedAnvilChunkStorage (world): All chunks are saved
[22Aug2026 17:12:41.772] [Server thread/INFO] [net.minecraft.server.MinecraftServer/]: ThreadedAnvilChunkStorage (DIM-1): All chunks are saved
[22Aug2026 17:12:41.772] [Server thread/INFO] [net.minecraft.server.MinecraftServer/]: ThreadedAnvilChunkStorage (DIM1): All chunks are saved
[22Aug2026 17:12:41.772] [Server thread/INFO] [net.minecraft.server.MinecraftServer/]: ThreadedAnvilChunkStorage: All dimensions are saved
[22Aug2026 17:12:41.780] [Server thread/INFO] [net.neoforged.neoforge.server.permission.PermissionAPI/]: Successfully initialized permission handler neoforge:default_handler
[22Aug2026 17:12:42.410] [Server thread/INFO] [net.minecraft.server.level.progress.LoggingLevelLoadListener/]: Loading 49 chunks for player spawn...
[22Aug2026 17:12:42.410] [Server thread/INFO] [net.minecraft.server.level.progress.LoggingLevelLoadListener/]: Preparing spawn area: 16%
[22Aug2026 17:12:42.641] [Server thread/INFO] [net.minecraft.server.level.progress.LoggingLevelLoadListener/]: Preparing spawn area: 100%
[22Aug2026 17:12:42.642] [Server thread/INFO] [net.minecraft.server.level.progress.LoggingLevelLoadListener/]: Time elapsed: 1010 ms
[22Aug2026 17:12:42.890] [Server thread/INFO] [net.minecraft.server.players.PlayerList/]: Dev[local:E:abf8714b] logged in with entity id 67 at (-728.5557310743567, 102.0, -604.0481707931278)
[22Aug2026 17:12:42.946] [Server thread/INFO] [net.minecraft.server.MinecraftServer/]: Dev joined the game
[22Aug2026 17:12:43.093] [Render thread/WARN] [net.minecraft.client.multiplayer.ClientPacketListener/]: Ignoring chat session from Dev due to missing Services public key
[22Aug2026 17:12:43.165] [Server thread/INFO] [net.minecraft.client.server.IntegratedServer/]: Changing view distance to 12, from 10
[22Aug2026 17:12:43.168] [Server thread/INFO] [net.minecraft.client.server.IntegratedServer/]: Changing simulation distance to 12, from 0
[22Aug2026 17:12:43.193] [Render thread/INFO] [net.minecraft.client.renderer.DynamicUniformStorage/]: Resizing Dynamic Transforms UBO, capacity limit of 2 reached during a single frame. New capacity will be 4.
[22Aug2026 17:12:43.264] [Render thread/INFO] [net.minecraft.advancements.AdvancementTree/]: Loaded 4 advancements
[22Aug2026 17:12:43.357] [Render thread/INFO] [net.minecraft.client.renderer.DynamicUniformStorage/]: Resizing Dynamic Transforms UBO, capacity limit of 4 reached during a single frame. New capacity will be 8.
[22Aug2026 17:12:43.511] [Render thread/INFO] [net.minecraft.client.renderer.DynamicUniformStorage/]: Resizing Chunk Sections UBO, capacity limit of 2 reached during a single frame. New capacity will be 4.
[22Aug2026 17:12:43.540] [Render thread/INFO] [net.minecraft.client.renderer.DynamicUniformStorage/]: Resizing Chunk Sections UBO, capacity limit of 4 reached during a single frame. New capacity will be 8.
[22Aug2026 17:12:43.718] [Render thread/INFO] [net.minecraft.client.renderer.DynamicUniformStorage/]: Resizing Chunk Sections UBO, capacity limit of 8 reached during a single frame. New capacity will be 16.
[22Aug2026 17:12:43.793] [Render thread/INFO] [net.minecraft.client.renderer.DynamicUniformStorage/]: Resizing Chunk Sections UBO, capacity limit of 16 reached during a single frame. New capacity will be 32.
[22Aug2026 17:12:43.858] [Render thread/INFO] [net.minecraft.client.renderer.DynamicUniformStorage/]: Resizing Chunk Sections UBO, capacity limit of 32 reached during a single frame. New capacity will be 64.
[22Aug2026 17:12:44.097] [Render thread/INFO] [net.minecraft.client.renderer.DynamicUniformStorage/]: Resizing Chunk Sections UBO, capacity limit of 64 reached during a single frame. New capacity will be 128.
[22Aug2026 17:12:44.676] [Render thread/INFO] [net.minecraft.client.renderer.DynamicUniformStorage/]: Resizing Chunk Sections UBO, capacity limit of 128 reached during a single frame. New capacity will be 256.
[22Aug2026 17:12:45.946] [Render thread/INFO] [net.minecraft.client.renderer.DynamicUniformStorage/]: Resizing Chunk Sections UBO, capacity limit of 256 reached during a single frame. New capacity will be 512.
[22Aug2026 17:12:46.869] [Server thread/INFO] [net.minecraft.client.server.IntegratedServer/]: Saving and pausing game...
[22Aug2026 17:12:46.889] [Server thread/INFO] [net.minecraft.server.MinecraftServer/]: Saving chunks for level 'ServerLevel[New World]'/minecraft:overworld
[22Aug2026 17:12:46.931] [Server thread/INFO] [net.minecraft.server.MinecraftServer/]: Saving chunks for level 'ServerLevel[New World]'/minecraft:the_nether
[22Aug2026 17:12:46.932] [Server thread/INFO] [net.minecraft.server.MinecraftServer/]: Saving chunks for level 'ServerLevel[New World]'/minecraft:the_end
[22Aug2026 17:12:57.300] [Server thread/INFO] [net.minecraft.server.MinecraftServer/]: [Dev: Set own game mode to Creative Mode]
[22Aug2026 17:12:57.317] [Render thread/INFO] [net.minecraft.client.gui.components.ChatComponent/]: [System] [CHAT] Set own game mode to Creative Mode
[22Aug2026 17:12:59.940] [Render thread/INFO] [net.minecraft.client.renderer.DynamicUniformStorage/]: Resizing Chunk Sections UBO, capacity limit of 512 reached during a single frame. New capacity will be 1024.
[22Aug2026 17:13:07.064] [Render thread/INFO] [net.minecraft.client.gui.components.ChatComponent/]: [System] [CHAT] [⚡] Starting a new profiler, please wait...
[22Aug2026 17:13:07.066] [Render thread/INFO] [net.minecraft.client.gui.components.ChatComponent/]: [System] [CHAT] [⚡] A profiler is already running on the server side. You need to stop it (using /spark profiler cancel) before you can start one on the client side.
[22Aug2026 17:13:17.925] [spark-worker-pool-3-thread-1/INFO] [net.minecraft.server.MinecraftServer/]: [⚡] Profiler has been cancelled.
[22Aug2026 17:13:17.936] [Render thread/INFO] [net.minecraft.client.gui.components.ChatComponent/]: [System] [CHAT] [⚡] Profiler has been cancelled.
[22Aug2026 17:13:19.876] [Render thread/INFO] [net.minecraft.client.gui.components.ChatComponent/]: [System] [CHAT] [⚡] Starting a new profiler, please wait...
[22Aug2026 17:13:19.882] [Render thread/INFO] [net.minecraft.client.gui.components.ChatComponent/]: [System] [CHAT] [⚡] Profiler is now running! (async)
[22Aug2026 17:13:19.883] [Render thread/INFO] [net.minecraft.client.gui.components.ChatComponent/]: [System] [CHAT] [⚡] It will run in the background until it is stopped by an admin.
[22Aug2026 17:13:19.883] [Render thread/INFO] [net.minecraft.client.gui.components.ChatComponent/]: [System] [CHAT] [⚡] To stop the profiler and upload the results, run:
[22Aug2026 17:13:19.885] [Render thread/INFO] [net.minecraft.client.gui.components.ChatComponent/]: [System] [CHAT] [⚡]   /sparkc profiler stop
[22Aug2026 17:13:19.886] [Render thread/INFO] [net.minecraft.client.gui.components.ChatComponent/]: [System] [CHAT] [⚡] To view the profiler while it's running, run:
[22Aug2026 17:13:19.887] [Render thread/INFO] [net.minecraft.client.gui.components.ChatComponent/]: [System] [CHAT] [⚡]   /sparkc profiler open
[22Aug2026 17:13:26.171] [Render thread/INFO] [net.minecraft.client.renderer.DynamicUniformStorage/]: Resizing Dynamic Transforms UBO, capacity limit of 8 reached during a single frame. New capacity will be 16.
[22Aug2026 17:13:41.925] [Render thread/INFO] [net.minecraft.advancements.AdvancementTree/]: Loaded 43 advancements
[22Aug2026 17:13:42.511] [Render thread/INFO] [net.minecraft.advancements.AdvancementTree/]: Loaded 50 advancements
[22Aug2026 17:13:46.803] [Render thread/INFO] [net.minecraft.advancements.AdvancementTree/]: Loaded 53 advancements
[22Aug2026 17:13:52.505] [Render thread/INFO] [net.minecraft.advancements.AdvancementTree/]: Loaded 53 advancements
[22Aug2026 17:13:53.523] [Render thread/INFO] [net.minecraft.advancements.AdvancementTree/]: Loaded 53 advancements
[22Aug2026 17:14:44.847] [Render thread/INFO] [net.minecraft.client.gui.components.ChatComponent/]: [System] [CHAT] [⚡] Stopping the profiler & uploading results, please wait...
[22Aug2026 17:14:45.594] [spark-worker-pool-1-thread-2/INFO] [spark/]: If you see a warning above that says "WARNING: A Java agent has been loaded dynamically", it can be safely ignored.
[22Aug2026 17:14:45.595] [spark-worker-pool-1-thread-2/INFO] [spark/]: See here for more information: https://spark.lucko.me/docs/misc/Java-agent-warning
[22Aug2026 17:14:46.636] [Server thread/INFO] [net.minecraft.server.MinecraftServer/]: [Dev: Set own game mode to Survival Mode]
[22Aug2026 17:14:46.655] [Render thread/INFO] [net.minecraft.client.gui.components.ChatComponent/]: [System] [CHAT] Set own game mode to Survival Mode
[22Aug2026 17:14:47.933] [Render thread/INFO] [net.minecraft.client.gui.components.ChatComponent/]: [System] [CHAT] [⚡] Profiler stopped & upload complete!
[22Aug2026 17:14:47.934] [Render thread/INFO] [net.minecraft.client.gui.components.ChatComponent/]: [System] [CHAT] https://spark.lucko.me/euwlSfLbe5
[22Aug2026 17:14:49.535] [Server thread/INFO] [net.minecraft.server.MinecraftServer/]: [Dev: Set own game mode to Creative Mode]
[22Aug2026 17:14:49.541] [Render thread/INFO] [net.minecraft.client.gui.components.ChatComponent/]: [System] [CHAT] Set own game mode to Creative Mode
[22Aug2026 17:14:58.920] [Render thread/INFO] [net.minecraft.advancements.AdvancementTree/]: Loaded 63 advancements
[22Aug2026 17:15:03.528] [Render thread/INFO] [net.minecraft.client.gui.components.ChatComponent/]: [System] [CHAT] Saved screenshot as 2026-08-22_17.15.03.png
[22Aug2026 17:15:21.034] [Server thread/INFO] [net.minecraft.client.server.IntegratedServer/]: Saving and pausing game...
[22Aug2026 17:15:21.050] [Server thread/INFO] [net.minecraft.server.MinecraftServer/]: Saving chunks for level 'ServerLevel[New World]'/minecraft:overworld
[22Aug2026 17:15:21.097] [Server thread/INFO] [net.minecraft.server.MinecraftServer/]: Saving chunks for level 'ServerLevel[New World]'/minecraft:the_nether
[22Aug2026 17:15:21.098] [Server thread/INFO] [net.minecraft.server.MinecraftServer/]: Saving chunks for level 'ServerLevel[New World]'/minecraft:the_end
[22Aug2026 17:15:43.284] [Server thread/INFO] [net.minecraft.client.server.IntegratedServer/]: Saving and pausing game...
[22Aug2026 17:15:43.298] [Server thread/INFO] [net.minecraft.server.MinecraftServer/]: Saving chunks for level 'ServerLevel[New World]'/minecraft:overworld
[22Aug2026 17:15:43.329] [Server thread/INFO] [net.minecraft.server.MinecraftServer/]: Saving chunks for level 'ServerLevel[New World]'/minecraft:the_nether
[22Aug2026 17:15:43.330] [Server thread/INFO] [net.minecraft.server.MinecraftServer/]: Saving chunks for level 'ServerLevel[New World]'/minecraft:the_end
[22Aug2026 17:24:11.223] [Server thread/INFO] [net.minecraft.server.MinecraftServer/]: [Dev: Set minecraft:overworld to time marker minecraft:day]
[22Aug2026 17:24:11.233] [Render thread/INFO] [net.minecraft.client.gui.components.ChatComponent/]: [System] [CHAT] Set minecraft:overworld to time marker minecraft:day
[22Aug2026 17:24:21.311] [Render thread/INFO] [net.minecraft.advancements.AdvancementTree/]: Loaded 63 advancements
[22Aug2026 17:24:44.734] [Server thread/INFO] [net.minecraft.client.server.IntegratedServer/]: Saving and pausing game...
[22Aug2026 17:24:44.746] [Server thread/INFO] [net.minecraft.server.MinecraftServer/]: Saving chunks for level 'ServerLevel[New World]'/minecraft:overworld
[22Aug2026 17:24:44.777] [Server thread/INFO] [net.minecraft.server.MinecraftServer/]: Saving chunks for level 'ServerLevel[New World]'/minecraft:the_nether
[22Aug2026 17:24:44.778] [Server thread/INFO] [net.minecraft.server.MinecraftServer/]: Saving chunks for level 'ServerLevel[New World]'/minecraft:the_end
[22Aug2026 17:28:25.852] [Render thread/INFO] [net.minecraft.client.gui.components.ChatComponent/]: [System] [CHAT] Saved screenshot as 2026-08-22_17.28.25.png
[22Aug2026 17:29:15.100] [Render thread/INFO] [net.minecraft.client.gui.components.ChatComponent/]: [System] [CHAT] [Debug]: Reloaded resource packs
[22Aug2026 17:29:15.121] [Render thread/INFO] [net.minecraft.server.packs.resources.ReloadableResourceManager/]: Reloading ResourceManager: vanilla, mod_resources, mod/spark, mod/moonlightcore, mod/neoforge
[22Aug2026 17:29:15.235] [Server thread/INFO] [net.minecraft.client.server.IntegratedServer/]: Saving and pausing game...
[22Aug2026 17:29:15.250] [Server thread/INFO] [net.minecraft.server.MinecraftServer/]: Saving chunks for level 'ServerLevel[New World]'/minecraft:overworld
[22Aug2026 17:29:15.365] [Server thread/INFO] [net.minecraft.server.MinecraftServer/]: Saving chunks for level 'ServerLevel[New World]'/minecraft:the_nether
[22Aug2026 17:29:15.369] [Server thread/INFO] [net.minecraft.server.MinecraftServer/]: Saving chunks for level 'ServerLevel[New World]'/minecraft:the_end
[22Aug2026 17:29:15.463] [resourceLoad/INFO] [net.minecraft.client.gui.font.providers.UnihexProvider/]: Found unifont_all_no_pua-17.0.01.hex, loading
[22Aug2026 17:29:15.486] [resourceLoad/INFO] [net.minecraft.client.gui.font.providers.UnihexProvider/]: Found unifont_pua-17.0.01.hex, loading
[22Aug2026 17:29:15.605] [resourceLoad/INFO] [net.minecraft.client.gui.font.providers.UnihexProvider/]: Found unifont_jp_patch-17.0.01.hex, loading
[22Aug2026 17:29:16.957] [Render thread/WARN] [com.mojang.blaze3d.opengl.GlProgram/]: neoforge:pipeline/item_translucent_unlit shader program does not use sampler Sampler2 defined in the pipeline. This might be a bug.
[22Aug2026 17:29:16.989] [Render thread/WARN] [com.mojang.blaze3d.opengl.GlProgram/]: neoforge:pipeline/item_cutout_unlit shader program does not use sampler Sampler2 defined in the pipeline. This might be a bug.
[22Aug2026 17:29:17.004] [Render thread/ERROR] [net.minecraft.client.sounds.SoundEngine/SOUNDS]: Error starting SoundSystem. Turning off sounds & music
java.lang.IllegalStateException: Failed to open OpenAL device
	at TRANSFORMER/minecraft@26.1.2/com.mojang.blaze3d.audio.Library.openDeviceOrFallback(Library.java:183) ~[minecraft-patched-26.1.2.66-beta.jar:?]
	at TRANSFORMER/minecraft@26.1.2/com.mojang.blaze3d.audio.Library.init(Library.java:66) ~[minecraft-patched-26.1.2.66-beta.jar:?]
	at TRANSFORMER/minecraft@26.1.2/net.minecraft.client.sounds.SoundEngine.loadLibrary(SoundEngine.java:111) ~[minecraft-patched-26.1.2.66-beta.jar:?]
	at TRANSFORMER/minecraft@26.1.2/net.minecraft.client.sounds.SoundEngine.reload(SoundEngine.java:102) ~[minecraft-patched-26.1.2.66-beta.jar:?]
	at TRANSFORMER/minecraft@26.1.2/net.minecraft.client.sounds.SoundManager.apply(SoundManager.java:121) ~[minecraft-patched-26.1.2.66-beta.jar:?]
	at TRANSFORMER/minecraft@26.1.2/net.minecraft.client.sounds.SoundManager.apply(SoundManager.java:44) ~[minecraft-patched-26.1.2.66-beta.jar:?]
	at TRANSFORMER/minecraft@26.1.2/net.minecraft.server.packs.resources.SimplePreparableReloadListener.lambda$reload$1(SimplePreparableReloadListener.java:19) ~[minecraft-patched-26.1.2.66-beta.jar:?]
	at java.base/java.util.concurrent.CompletableFuture$UniAccept.tryFire$$$capture(CompletableFuture.java:739) ~[?:?]
	at java.base/java.util.concurrent.CompletableFuture$UniAccept.tryFire(CompletableFuture.java) ~[?:?]
	at java.base/java.util.concurrent.CompletableFuture$Completion.run(CompletableFuture.java:503) ~[?:?]
	at TRANSFORMER/minecraft@26.1.2/net.minecraft.server.packs.resources.SimpleReloadInstance.lambda$prepareTasks$3(SimpleReloadInstance.java:75) ~[minecraft-patched-26.1.2.66-beta.jar:?]
	at TRANSFORMER/minecraft@26.1.2/net.minecraft.util.thread.BlockableEventLoop.doRunTask(BlockableEventLoop.java:163) ~[minecraft-patched-26.1.2.66-beta.jar:?]
	at TRANSFORMER/minecraft@26.1.2/net.minecraft.util.thread.ReentrantBlockableEventLoop.doRunTask(ReentrantBlockableEventLoop.java:24) ~[minecraft-patched-26.1.2.66-beta.jar:?]
	at TRANSFORMER/minecraft@26.1.2/net.minecraft.util.thread.BlockableEventLoop.pollTask(BlockableEventLoop.java:137) ~[minecraft-patched-26.1.2.66-beta.jar:?]
	at TRANSFORMER/minecraft@26.1.2/net.minecraft.util.thread.BlockableEventLoop.runAllTasks(BlockableEventLoop.java:121) ~[minecraft-patched-26.1.2.66-beta.jar:?]
	at TRANSFORMER/minecraft@26.1.2/net.minecraft.client.Minecraft.runTick(Minecraft.java:1293) [minecraft-patched-26.1.2.66-beta.jar:?]
	at TRANSFORMER/minecraft@26.1.2/net.minecraft.client.Minecraft.run(Minecraft.java:937) [minecraft-patched-26.1.2.66-beta.jar:?]
	at TRANSFORMER/minecraft@26.1.2/net.minecraft.client.main.Main.main(Main.java:246) [minecraft-patched-26.1.2.66-beta.jar:?]
	at net.neoforged.fml.startup.Client.main(Client.java:19) [loader-11.0.13.jar:11.0]
	at java.base/jdk.internal.reflect.DirectMethodHandleAccessor.invoke(DirectMethodHandleAccessor.java:104) ~[?:?]
	at java.base/java.lang.reflect.Method.invoke(Method.java:565) ~[?:?]
	at net.neoforged.devlaunch.Main.main(Main.java:57) [DevLaunch-1.0.2.jar:?]
[22Aug2026 17:29:17.006] [Render thread/INFO] [net.minecraft.client.renderer.texture.TextureAtlas/]: Created: 512x256x0 minecraft:textures/atlas/particles.png-atlas
[22Aug2026 17:29:17.028] [Render thread/INFO] [net.minecraft.client.renderer.texture.TextureAtlas/]: Created: 128x128x0 minecraft:textures/atlas/decorated_pot.png-atlas
[22Aug2026 17:29:17.031] [Render thread/INFO] [net.minecraft.client.renderer.texture.TextureAtlas/]: Created: 2048x1024x0 minecraft:textures/atlas/armor_trims.png-atlas
[22Aug2026 17:29:17.068] [Render thread/INFO] [net.minecraft.client.renderer.texture.TextureAtlas/]: Created: 512x256x0 minecraft:textures/atlas/paintings.png-atlas
[22Aug2026 17:29:17.073] [Render thread/INFO] [net.minecraft.client.renderer.texture.TextureAtlas/]: Created: 1024x512x0 minecraft:textures/atlas/shield_patterns.png-atlas
[22Aug2026 17:29:17.078] [Render thread/INFO] [net.minecraft.client.renderer.texture.TextureAtlas/]: Created: 2048x2048x4 minecraft:textures/atlas/blocks.png-atlas
[22Aug2026 17:29:17.139] [Render thread/INFO] [net.minecraft.client.renderer.texture.TextureAtlas/]: Created: 512x512x0 minecraft:textures/atlas/chest.png-atlas
[22Aug2026 17:29:17.143] [Render thread/INFO] [net.minecraft.client.renderer.texture.TextureAtlas/]: Created: 256x128x0 minecraft:textures/atlas/celestials.png-atlas
[22Aug2026 17:29:17.144] [Render thread/INFO] [net.minecraft.client.renderer.texture.TextureAtlas/]: Created: 1024x512x0 minecraft:textures/atlas/banner_patterns.png-atlas
[22Aug2026 17:29:17.149] [Render thread/INFO] [net.minecraft.client.renderer.texture.TextureAtlas/]: Created: 512x512x0 minecraft:textures/atlas/beds.png-atlas
[22Aug2026 17:29:17.151] [Render thread/INFO] [net.minecraft.client.renderer.texture.TextureAtlas/]: Created: 1024x512x0 minecraft:textures/atlas/items.png-atlas
[22Aug2026 17:29:17.188] [Render thread/INFO] [net.minecraft.client.renderer.texture.TextureAtlas/]: Created: 1024x1024x0 minecraft:textures/atlas/gui.png-atlas
[22Aug2026 17:29:17.213] [Render thread/INFO] [net.minecraft.client.renderer.texture.TextureAtlas/]: Created: 128x64x0 minecraft:textures/atlas/map_decorations.png-atlas
[22Aug2026 17:29:17.216] [Render thread/INFO] [net.minecraft.client.renderer.texture.TextureAtlas/]: Created: 512x256x0 minecraft:textures/atlas/signs.png-atlas
[22Aug2026 17:29:17.219] [Render thread/INFO] [net.minecraft.client.renderer.texture.TextureAtlas/]: Created: 512x512x0 minecraft:textures/atlas/shulker_boxes.png-atlas
[22Aug2026 17:29:17.313] [Render thread/INFO] [net.neoforged.neoforge.client.entity.animation.json.AnimationLoader/]: Loaded 0 entity animations
[22Aug2026 17:29:23.172] [Render thread/INFO] [net.minecraft.client.gui.components.ChatComponent/]: [System] [CHAT] Saved screenshot as 2026-08-22_17.29.22.png
[22Aug2026 17:30:18.682] [Render thread/INFO] [net.minecraft.client.Minecraft/]: Stopping!
[22Aug2026 17:30:18.697] [Server thread/INFO] [net.minecraft.server.network.ServerGamePacketListenerImpl/]: Dev lost connection: Disconnected
[22Aug2026 17:30:18.698] [Server thread/INFO] [net.minecraft.server.MinecraftServer/]: Dev left the game
[22Aug2026 17:30:18.709] [Server thread/INFO] [net.minecraft.server.network.ServerCommonPacketListenerImpl/]: Stopping singleplayer server as player logged out
[22Aug2026 17:30:18.759] [Server thread/INFO] [net.minecraft.server.MinecraftServer/]: Stopping server
[22Aug2026 17:30:18.759] [Server thread/INFO] [net.minecraft.server.MinecraftServer/]: Saving players
[22Aug2026 17:30:18.759] [Server thread/INFO] [net.minecraft.server.MinecraftServer/]: Saving worlds
[22Aug2026 17:30:19.060] [Server thread/INFO] [net.minecraft.server.MinecraftServer/]: Saving chunks for level 'ServerLevel[New World]'/minecraft:overworld
[22Aug2026 17:30:19.677] [Server thread/INFO] [net.minecraft.server.MinecraftServer/]: Saving chunks for level 'ServerLevel[New World]'/minecraft:the_nether
[22Aug2026 17:30:19.680] [Server thread/INFO] [net.minecraft.server.MinecraftServer/]: Saving chunks for level 'ServerLevel[New World]'/minecraft:the_end
[22Aug2026 17:30:19.689] [Server thread/INFO] [net.minecraft.server.MinecraftServer/]: ThreadedAnvilChunkStorage (world): All chunks are saved
[22Aug2026 17:30:19.689] [Server thread/INFO] [net.minecraft.server.MinecraftServer/]: ThreadedAnvilChunkStorage (DIM-1): All chunks are saved
[22Aug2026 17:30:19.689] [Server thread/INFO] [net.minecraft.server.MinecraftServer/]: ThreadedAnvilChunkStorage (DIM1): All chunks are saved
[22Aug2026 17:30:19.689] [Server thread/INFO] [net.minecraft.server.MinecraftServer/]: ThreadedAnvilChunkStorage: All dimensions are saved
